Archive member included to satisfy reference by file (symbol)

/home/maciel/stm32/gnu-mcu-eclipse/arm-none-eabi-gcc/8.2.1-1.7-20190524-0603/bin/../lib/gcc/arm-none-eabi/8.2.1/../../../../arm-none-eabi/lib/thumb/v7-m/nofp/libg_nano.a(lib_a-errno.o)
                              ./system/src/newlib/_sbrk.o (__errno)
/home/maciel/stm32/gnu-mcu-eclipse/arm-none-eabi-gcc/8.2.1-1.7-20190524-0603/bin/../lib/gcc/arm-none-eabi/8.2.1/../../../../arm-none-eabi/lib/thumb/v7-m/nofp/libg_nano.a(lib_a-impure.o)
                              /home/maciel/stm32/gnu-mcu-eclipse/arm-none-eabi-gcc/8.2.1-1.7-20190524-0603/bin/../lib/gcc/arm-none-eabi/8.2.1/../../../../arm-none-eabi/lib/thumb/v7-m/nofp/libg_nano.a(lib_a-errno.o) (_impure_ptr)
/home/maciel/stm32/gnu-mcu-eclipse/arm-none-eabi-gcc/8.2.1-1.7-20190524-0603/bin/../lib/gcc/arm-none-eabi/8.2.1/../../../../arm-none-eabi/lib/thumb/v7-m/nofp/libg_nano.a(lib_a-strlen.o)
                              ./system/src/diag/Trace.o (strlen)
/home/maciel/stm32/gnu-mcu-eclipse/arm-none-eabi-gcc/8.2.1-1.7-20190524-0603/bin/../lib/gcc/arm-none-eabi/8.2.1/../../../../arm-none-eabi/lib/thumb/v7-m/nofp/libg_nano.a(lib_a-vsnprintf.o)
                              ./system/src/diag/Trace.o (vsnprintf)
/home/maciel/stm32/gnu-mcu-eclipse/arm-none-eabi-gcc/8.2.1-1.7-20190524-0603/bin/../lib/gcc/arm-none-eabi/8.2.1/../../../../arm-none-eabi/lib/thumb/v7-m/nofp/libg_nano.a(lib_a-nano-svfprintf.o)
                              /home/maciel/stm32/gnu-mcu-eclipse/arm-none-eabi-gcc/8.2.1-1.7-20190524-0603/bin/../lib/gcc/arm-none-eabi/8.2.1/../../../../arm-none-eabi/lib/thumb/v7-m/nofp/libg_nano.a(lib_a-vsnprintf.o) (_svfprintf_r)
/home/maciel/stm32/gnu-mcu-eclipse/arm-none-eabi-gcc/8.2.1-1.7-20190524-0603/bin/../lib/gcc/arm-none-eabi/8.2.1/../../../../arm-none-eabi/lib/thumb/v7-m/nofp/libg_nano.a(lib_a-nano-vfprintf_i.o)
                              /home/maciel/stm32/gnu-mcu-eclipse/arm-none-eabi-gcc/8.2.1-1.7-20190524-0603/bin/../lib/gcc/arm-none-eabi/8.2.1/../../../../arm-none-eabi/lib/thumb/v7-m/nofp/libg_nano.a(lib_a-nano-svfprintf.o) (_printf_i)
/home/maciel/stm32/gnu-mcu-eclipse/arm-none-eabi-gcc/8.2.1-1.7-20190524-0603/bin/../lib/gcc/arm-none-eabi/8.2.1/../../../../arm-none-eabi/lib/thumb/v7-m/nofp/libg_nano.a(lib_a-memchr-stub.o)
                              /home/maciel/stm32/gnu-mcu-eclipse/arm-none-eabi-gcc/8.2.1-1.7-20190524-0603/bin/../lib/gcc/arm-none-eabi/8.2.1/../../../../arm-none-eabi/lib/thumb/v7-m/nofp/libg_nano.a(lib_a-nano-svfprintf.o) (memchr)
/home/maciel/stm32/gnu-mcu-eclipse/arm-none-eabi-gcc/8.2.1-1.7-20190524-0603/bin/../lib/gcc/arm-none-eabi/8.2.1/../../../../arm-none-eabi/lib/thumb/v7-m/nofp/libg_nano.a(lib_a-memcpy-stub.o)
                              /home/maciel/stm32/gnu-mcu-eclipse/arm-none-eabi-gcc/8.2.1-1.7-20190524-0603/bin/../lib/gcc/arm-none-eabi/8.2.1/../../../../arm-none-eabi/lib/thumb/v7-m/nofp/libg_nano.a(lib_a-nano-svfprintf.o) (memcpy)
/home/maciel/stm32/gnu-mcu-eclipse/arm-none-eabi-gcc/8.2.1-1.7-20190524-0603/bin/../lib/gcc/arm-none-eabi/8.2.1/../../../../arm-none-eabi/lib/thumb/v7-m/nofp/libg_nano.a(lib_a-memmove.o)
                              /home/maciel/stm32/gnu-mcu-eclipse/arm-none-eabi-gcc/8.2.1-1.7-20190524-0603/bin/../lib/gcc/arm-none-eabi/8.2.1/../../../../arm-none-eabi/lib/thumb/v7-m/nofp/libg_nano.a(lib_a-nano-svfprintf.o) (memmove)
/home/maciel/stm32/gnu-mcu-eclipse/arm-none-eabi-gcc/8.2.1-1.7-20190524-0603/bin/../lib/gcc/arm-none-eabi/8.2.1/../../../../arm-none-eabi/lib/thumb/v7-m/nofp/libg_nano.a(lib_a-nano-freer.o)
                              /home/maciel/stm32/gnu-mcu-eclipse/arm-none-eabi-gcc/8.2.1-1.7-20190524-0603/bin/../lib/gcc/arm-none-eabi/8.2.1/../../../../arm-none-eabi/lib/thumb/v7-m/nofp/libg_nano.a(lib_a-nano-svfprintf.o) (_free_r)
/home/maciel/stm32/gnu-mcu-eclipse/arm-none-eabi-gcc/8.2.1-1.7-20190524-0603/bin/../lib/gcc/arm-none-eabi/8.2.1/../../../../arm-none-eabi/lib/thumb/v7-m/nofp/libg_nano.a(lib_a-nano-mallocr.o)
                              /home/maciel/stm32/gnu-mcu-eclipse/arm-none-eabi-gcc/8.2.1-1.7-20190524-0603/bin/../lib/gcc/arm-none-eabi/8.2.1/../../../../arm-none-eabi/lib/thumb/v7-m/nofp/libg_nano.a(lib_a-nano-svfprintf.o) (_malloc_r)
/home/maciel/stm32/gnu-mcu-eclipse/arm-none-eabi-gcc/8.2.1-1.7-20190524-0603/bin/../lib/gcc/arm-none-eabi/8.2.1/../../../../arm-none-eabi/lib/thumb/v7-m/nofp/libg_nano.a(lib_a-nano-reallocr.o)
                              /home/maciel/stm32/gnu-mcu-eclipse/arm-none-eabi-gcc/8.2.1-1.7-20190524-0603/bin/../lib/gcc/arm-none-eabi/8.2.1/../../../../arm-none-eabi/lib/thumb/v7-m/nofp/libg_nano.a(lib_a-nano-svfprintf.o) (_realloc_r)
/home/maciel/stm32/gnu-mcu-eclipse/arm-none-eabi-gcc/8.2.1-1.7-20190524-0603/bin/../lib/gcc/arm-none-eabi/8.2.1/../../../../arm-none-eabi/lib/thumb/v7-m/nofp/libg_nano.a(lib_a-sbrkr.o)
[...]
Memory Configuration

Name             Origin             Length             Attributes
RAM              0x0000000020000000 0x0000000000005000 xrw
CCMRAM           0x0000000000000000 0x0000000000000000 xrw
FLASH            0x0000000008000000 0x0000000000020000 xr
FLASHB1          0x0000000000000000 0x0000000000000000 xr
EXTMEMB0         0x0000000000000000 0x0000000000000000 xr
EXTMEMB1         0x0000000000000000 0x0000000000000000 xr
EXTMEMB2         0x0000000000000000 0x0000000000000000 xr
EXTMEMB3         0x0000000000000000 0x0000000000000000 xr
MEMORY_ARRAY     0x0000000000000000 0x0000000000000000 xrw
*default*        0x0000000000000000 0xffffffffffffffff

Linker script and memory map

LOAD ./system/src/stm32f1-stdperiph/misc.o
LOAD ./system/src/stm32f1-stdperiph/stm32f10x_adc.o
LOAD ./system/src/stm32f1-stdperiph/stm32f10x_gpio.o
LOAD ./system/src/stm32f1-stdperiph/stm32f10x_rcc.o
LOAD ./system/src/newlib/_cxx.o
LOAD ./system/src/newlib/_exit.o
LOAD ./system/src/newlib/_sbrk.o
LOAD ./system/src/newlib/_startup.o
LOAD ./system/src/newlib/_syscalls.o
LOAD ./system/src/newlib/assert.o
LOAD ./system/src/diag/Trace.o
LOAD ./system/src/diag/trace_impl.o
LOAD ./system/src/cortexm/_initialize_hardware.o
LOAD ./system/src/cortexm/_reset_hardware.o
LOAD ./system/src/cortexm/exception_handlers.o
LOAD ./system/src/cmsis/system_stm32f10x.o
LOAD ./system/src/cmsis/vectors_stm32f10x.o
LOAD ./src/_write.o
LOAD ./src/main.o
LOAD /home/maciel/stm32/gnu-mcu-eclipse/arm-none-eabi-gcc/8.2.1-1.7-20190524-0603/bin/../lib/gcc/arm-none-eabi/8.2.1/../../../../arm-none-eabi/lib/thumb/v7-m/nofp/libstdc++_nano.a
LOAD /home/maciel/stm32/gnu-mcu-eclipse/arm-none-eabi-gcc/8.2.1-1.7-20190524-0603/bin/../lib/gcc/arm-none-eabi/8.2.1/../../../../arm-none-eabi/lib/thumb/v7-m/nofp/libm.a
START GROUP
LOAD /home/maciel/stm32/gnu-mcu-eclipse/arm-none-eabi-gcc/8.2.1-1.7-20190524-0603/bin/../lib/gcc/arm-none-eabi/8.2.1/thumb/v7-m/nofp/libgcc.a
LOAD /home/maciel/stm32/gnu-mcu-eclipse/arm-none-eabi-gcc/8.2.1-1.7-20190524-0603/bin/../lib/gcc/arm-none-eabi/8.2.1/../../../../arm-none-eabi/lib/thumb/v7-m/nofp/libg_nano.a
LOAD /home/maciel/stm32/gnu-mcu-eclipse/arm-none-eabi-gcc/8.2.1-1.7-20190524-0603/bin/../lib/gcc/arm-none-eabi/8.2.1/../../../../arm-none-eabi/lib/thumb/v7-m/nofp/libc_nano.a
END GROUP
START GROUP
LOAD /home/maciel/stm32/gnu-mcu-eclipse/arm-none-eabi-gcc/8.2.1-1.7-20190524-0603/bin/../lib/gcc/arm-none-eabi/8.2.1/thumb/v7-m/nofp/libgcc.a
LOAD /home/maciel/stm32/gnu-mcu-eclipse/arm-none-eabi-gcc/8.2.1-1.7-20190524-0603/bin/../lib/gcc/arm-none-eabi/8.2.1/../../../../arm-none-eabi/lib/thumb/v7-m/nofp/libc_nano.a
END GROUP
                0x0000000020005000                __stack = (ORIGIN (RAM) + LENGTH (RAM))
                0x0000000020005000                _estack = __stack
                0x0000000000000400                __Main_Stack_Size = 0x400
                [!provide]                        PROVIDE (_Main_Stack_Size = __Main_Stack_Size)
                0x0000000020004c00                __Main_Stack_Limit = (__stack - __Main_Stack_Size)
                [!provide]                        PROVIDE (_Main_Stack_Limit = __Main_Stack_Limit)
                0x0000000000000100                _Minimum_Stack_Size = 0x100
                0x0000000020000134                PROVIDE (_Heap_Begin = _end_noinit)
                0x0000000020004c00                PROVIDE (_Heap_Limit = (__stack - __Main_Stack_Size))

.isr_vector     0x0000000008000000      0x350
 FILL mask 0xff
                0x0000000008000000                __vectors_start = ABSOLUTE (.)
                0x0000000008000000                __vectors_start__ = ABSOLUTE (.)
 *(.isr_vector)
 .isr_vector    0x0000000008000000      0x10c ./system/src/cmsis/vectors_stm32f10x.o
                0x0000000008000000                __isr_vectors
 *(.cfmconfig)
 *(.after_vectors .after_vectors.*)
 .after_vectors
                0x000000000800010c      0x114 ./system/src/newlib/_startup.o
                0x000000000800010c                _start
 .after_vectors
                0x0000000008000220      0x12c ./system/src/cortexm/exception_handlers.o
                0x0000000008000220                Reset_Handler
                0x0000000008000226                NMI_Handler
                0x000000000800022a                HardFault_Handler
                0x000000000800023e                HardFault_Handler_C
                0x000000000800029c                MemManage_Handler
                0x00000000080002a0                BusFault_Handler
                0x00000000080002b4                BusFault_Handler_C
                0x00000000080002e8                UsageFault_Handler
                0x00000000080002fc                UsageFault_Handler_C
                0x0000000008000330                SVC_Handler
                0x0000000008000334                DebugMon_Handler
                0x0000000008000338                PendSV_Handler
                0x000000000800033c                SysTick_Handler
 .after_vectors
                0x000000000800034c        0x4 ./system/src/cmsis/vectors_stm32f10x.o
                0x000000000800034c                EXTI2_IRQHandler
                0x000000000800034c                TIM8_TRG_COM_IRQHandler
                0x000000000800034c                TIM8_CC_IRQHandler
                0x000000000800034c                TIM1_CC_IRQHandler
                0x000000000800034c                TIM6_IRQHandler
                0x000000000800034c                PVD_IRQHandler
                0x000000000800034c                SDIO_IRQHandler
                0x000000000800034c                CAN2_RX1_IRQHandler
                0x000000000800034c                EXTI3_IRQHandler
                0x000000000800034c                TIM8_TRG_COM_TIM14_IRQHandler
                0x000000000800034c                TIM1_UP_TIM10_IRQHandler
                0x000000000800034c                TIM8_UP_TIM13_IRQHandler
                0x000000000800034c                EXTI0_IRQHandler
                0x000000000800034c                I2C2_EV_IRQHandler
                0x000000000800034c                CAN1_RX0_IRQHandler
                0x000000000800034c                TIM1_UP_TIM16_IRQHandler
                0x000000000800034c                CAN2_SCE_IRQHandler
                0x000000000800034c                ADC1_2_IRQHandler
                0x000000000800034c                SPI1_IRQHandler
                0x000000000800034c                TAMPER_IRQHandler
                0x000000000800034c                TIM6_DAC_IRQHandler
                0x000000000800034c                TIM1_BRK_TIM9_IRQHandler
                0x000000000800034c                CAN2_RX0_IRQHandler
                0x000000000800034c                TIM8_UP_IRQHandler
                0x000000000800034c                DMA2_Channel2_IRQHandler
                0x000000000800034c                DMA1_Channel4_IRQHandler
                0x000000000800034c                USART3_IRQHandler
                0x000000000800034c                RTC_IRQHandler
                0x000000000800034c                DMA1_Channel7_IRQHandler
                0x000000000800034c                CAN1_RX1_IRQHandler
                0x000000000800034c                UART5_IRQHandler
                0x000000000800034c                ADC3_IRQHandler
                0x000000000800034c                TIM4_IRQHandler
                0x000000000800034c                DMA2_Channel1_IRQHandler
                0x000000000800034c                I2C1_EV_IRQHandler
                0x000000000800034c                DMA1_Channel6_IRQHandler
                0x000000000800034c                UART4_IRQHandler
                0x000000000800034c                DMA2_Channel4_IRQHandler
                0x000000000800034c                TIM3_IRQHandler
                0x000000000800034c                RCC_IRQHandler
                0x000000000800034c                TIM8_BRK_TIM12_IRQHandler
                0x000000000800034c                TIM1_TRG_COM_IRQHandler
                0x000000000800034c                DMA1_Channel1_IRQHandler
                0x000000000800034c                Default_Handler
                0x000000000800034c                CEC_IRQHandler
                0x000000000800034c                EXTI15_10_IRQHandler
                0x000000000800034c                TIM14_IRQHandler
                0x000000000800034c                TIM13_IRQHandler
                0x000000000800034c                TIM12_IRQHandler
                0x000000000800034c                TIM7_IRQHandler
                0x000000000800034c                CAN2_TX_IRQHandler
                0x000000000800034c                TIM5_IRQHandler
                0x000000000800034c                EXTI9_5_IRQHandler
                0x000000000800034c                ETH_WKUP_IRQHandler
                0x000000000800034c                SPI2_IRQHandler
                0x000000000800034c                CAN1_TX_IRQHandler
                0x000000000800034c                DMA2_Channel5_IRQHandler
                0x000000000800034c                DMA1_Channel5_IRQHandler
                0x000000000800034c                EXTI4_IRQHandler
                0x000000000800034c                USB_LP_CAN1_RX0_IRQHandler
                0x000000000800034c                TIM1_TRG_COM_TIM17_IRQHandler
                0x000000000800034c                USB_HP_CAN1_TX_IRQHandler
                0x000000000800034c                DMA1_Channel3_IRQHandler
                0x000000000800034c                FSMC_IRQHandler
                0x000000000800034c                ETH_IRQHandler
                0x000000000800034c                TIM1_UP_IRQHandler
                0x000000000800034c                WWDG_IRQHandler
                0x000000000800034c                TIM2_IRQHandler
                0x000000000800034c                OTG_FS_WKUP_IRQHandler
                0x000000000800034c                TIM1_TRG_COM_TIM11_IRQHandler
                0x000000000800034c                TIM1_BRK_IRQHandler
                0x000000000800034c                EXTI1_IRQHandler
                0x000000000800034c                RTCAlarm_IRQHandler
                0x000000000800034c                DMA2_Channel4_5_IRQHandler
                0x000000000800034c                USART2_IRQHandler
                0x000000000800034c                I2C2_ER_IRQHandler
                0x000000000800034c                DMA1_Channel2_IRQHandler
                0x000000000800034c                TIM8_BRK_IRQHandler
                0x000000000800034c                CAN1_SCE_IRQHandler
                0x000000000800034c                FLASH_IRQHandler
                0x000000000800034c                USART1_IRQHandler
                0x000000000800034c                OTG_FS_IRQHandler
                0x000000000800034c                SPI3_IRQHandler
                0x000000000800034c                I2C1_ER_IRQHandler
                0x000000000800034c                USBWakeUp_IRQHandler
                0x000000000800034c                DMA2_Channel3_IRQHandler
                0x000000000800034c                TIM1_BRK_TIM15_IRQHandler

.inits          0x0000000008000350       0x28
                0x0000000008000350                __data_regions_array_start = .
                0x0000000008000350        0x4 LONG 0x80018d4 LOADADDR (.data)
                0x0000000008000354        0x4 LONG 0x20000000 ADDR (.data)
                0x0000000008000358        0x4 LONG 0x20000088 (ADDR (.data) + SIZEOF (.data))
                0x000000000800035c        0x4 LONG 0x80018d4 LOADADDR (.data_CCMRAM)
                0x0000000008000360        0x4 LONG 0x0 ADDR (.data_CCMRAM)
                0x0000000008000364        0x4 LONG 0x0 (ADDR (.data_CCMRAM) + SIZEOF (.data_CCMRAM))
                0x0000000008000368                __data_regions_array_end = .
                0x0000000008000368                __bss_regions_array_start = .
                0x0000000008000368        0x4 LONG 0x20000088 ADDR (.bss)
                0x000000000800036c        0x4 LONG 0x20000134 (ADDR (.bss) + SIZEOF (.bss))
                0x0000000008000370        0x4 LONG 0x0 ADDR (.bss_CCMRAM)
                0x0000000008000374        0x4 LONG 0x0 (ADDR (.bss_CCMRAM) + SIZEOF (.bss_CCMRAM))
                0x0000000008000378                __bss_regions_array_end = .
 *(.init)
 *(.fini)
                0x0000000008000378                . = ALIGN (0x4)
                0x0000000008000378                PROVIDE (__preinit_array_start = .)
 *(.preinit_array_sysinit .preinit_array_sysinit.*)
 *(.preinit_array_platform .preinit_array_platform.*)
 *(.preinit_array .preinit_array.*)
                0x0000000008000378                PROVIDE (__preinit_array_end = .)
                0x0000000008000378                . = ALIGN (0x4)
                0x0000000008000378                PROVIDE (__init_array_start = .)
 *(SORT_BY_NAME(.init_array.*))
 *(.init_array)
                0x0000000008000378                PROVIDE (__init_array_end = .)
                0x0000000008000378                . = ALIGN (0x4)
                0x0000000008000378                PROVIDE (__fini_array_start = .)
 *(SORT_BY_NAME(.fini_array.*))
 *(.fini_array)
                0x0000000008000378                PROVIDE (__fini_array_end = .)

.flashtext
 *(.flashtext .flashtext.*)

.text           0x0000000008000378     0x155b
 *(.text .text.*)
 .text.ADC_Init
                0x0000000008000378      0x134 ./system/src/stm32f1-stdperiph/stm32f10x_adc.o
                0x0000000008000378                ADC_Init
 .text.ADC_Cmd  0x00000000080004ac       0x54 ./system/src/stm32f1-stdperiph/stm32f10x_adc.o
                0x00000000080004ac                ADC_Cmd
 .text.ADC_SoftwareStartConvCmd
                0x0000000008000500       0x54 ./system/src/stm32f1-stdperiph/stm32f10x_adc.o
                0x0000000008000500                ADC_SoftwareStartConvCmd
 .text.ADC_RegularChannelConfig
                0x0000000008000554       0xf0 ./system/src/stm32f1-stdperiph/stm32f10x_adc.o
                0x0000000008000554                ADC_RegularChannelConfig
 .text.ADC_GetConversionValue
                0x0000000008000644       0x34 ./system/src/stm32f1-stdperiph/stm32f10x_adc.o
                0x0000000008000644                ADC_GetConversionValue
 .text.ADC_GetFlagStatus
                0x0000000008000678       0x5c ./system/src/stm32f1-stdperiph/stm32f10x_adc.o
                0x0000000008000678                ADC_GetFlagStatus
 .text.GPIO_Init
                0x00000000080006d4      0x134 ./system/src/stm32f1-stdperiph/stm32f10x_gpio.o
                0x00000000080006d4                GPIO_Init
 .text.RCC_APB2PeriphClockCmd
                0x0000000008000808       0x4c ./system/src/stm32f1-stdperiph/stm32f10x_rcc.o
                0x0000000008000808                RCC_APB2PeriphClockCmd
 .text._exit    0x0000000008000854        0x2 ./system/src/newlib/_exit.o
                0x0000000008000854                _exit
 *fill*         0x0000000008000856        0x2 
 .text.abort    0x0000000008000858       0x14 ./system/src/newlib/_exit.o
                0x0000000008000858                abort
 .text._sbrk    0x000000000800086c       0x44 ./system/src/newlib/_sbrk.o
                0x000000000800086c                _sbrk
 .text.__initialize_args
                0x00000000080008b0       0x10 ./system/src/newlib/_syscalls.o
                0x00000000080008b0                __initialize_args
 .text.assert_failed
                0x00000000080008c0       0x14 ./system/src/newlib/assert.o
                0x00000000080008c0                assert_failed
 .text.trace_printf
                0x00000000080008d4       0x34 ./system/src/diag/Trace.o
                0x00000000080008d4                trace_printf
 .text.trace_puts
                0x0000000008000908       0x20 ./system/src/diag/Trace.o
                0x0000000008000908                trace_puts
 .text._trace_write_semihosting_debug
                0x0000000008000928       0x60 ./system/src/diag/trace_impl.o
 .text.trace_write
                0x0000000008000988        0x8 ./system/src/diag/trace_impl.o
                0x0000000008000988                trace_write
 .text.__initialize_hardware_early
                0x0000000008000990       0x18 ./system/src/cortexm/_initialize_hardware.o
                0x0000000008000990                __initialize_hardware_early
 .text.__initialize_hardware
                0x00000000080009a8        0x8 ./system/src/cortexm/_initialize_hardware.o
                0x00000000080009a8                __initialize_hardware
 .text.dumpExceptionStack
                0x00000000080009b0       0xf4 ./system/src/cortexm/exception_handlers.o
                0x00000000080009b0                dumpExceptionStack
 .text.isSemihosting
                0x0000000008000aa4       0x20 ./system/src/cortexm/exception_handlers.o
                0x0000000008000aa4                isSemihosting
 .text.SetSysClockTo72
                0x0000000008000ac4       0xc4 ./system/src/cmsis/system_stm32f10x.o
 .text.SetSysClock
                0x0000000008000b88        0x8 ./system/src/cmsis/system_stm32f10x.o
 .text.SystemInit
                0x0000000008000b90       0x50 ./system/src/cmsis/system_stm32f10x.o
                0x0000000008000b90                SystemInit
 .text.SystemCoreClockUpdate
                0x0000000008000be0       0x94 ./system/src/cmsis/system_stm32f10x.o
                0x0000000008000be0                SystemCoreClockUpdate
 .text.initUART
                0x0000000008000c74       0x44 ./src/main.o
                0x0000000008000c74                initUART
 .text.send8BitInt
                0x0000000008000cb8       0x20 ./src/main.o
                0x0000000008000cb8                send8BitInt
 .text.initADC  0x0000000008000cd8       0x88 ./src/main.o
                0x0000000008000cd8                initADC
 .text.main     0x0000000008000d60       0x84 ./src/main.o
                0x0000000008000d60                main
 .text.__errno  0x0000000008000de4        0xc /home/maciel/stm32/gnu-mcu-eclipse/arm-none-eabi-gcc/8.2.1-1.7-20190524-0603/bin/../lib/gcc/arm-none-eabi/8.2.1/../../../../arm-none-eabi/lib/thumb/v7-m/nofp/libg_nano.a(lib_a-errno.o)
                0x0000000008000de4                __errno
 .text          0x0000000008000df0       0x10 /home/maciel/stm32/gnu-mcu-eclipse/arm-none-eabi-gcc/8.2.1-1.7-20190524-0603/bin/../lib/gcc/arm-none-eabi/8.2.1/../../../../arm-none-eabi/lib/thumb/v7-m/nofp/libg_nano.a(lib_a-strlen.o)
                0x0000000008000df0                strlen
 .text._vsnprintf_r
                0x0000000008000e00       0x58 /home/maciel/stm32/gnu-mcu-eclipse/arm-none-eabi-gcc/8.2.1-1.7-20190524-0603/bin/../lib/gcc/arm-none-eabi/8.2.1/../../../../arm-none-eabi/lib/thumb/v7-m/nofp/libg_nano.a(lib_a-vsnprintf.o)
                0x0000000008000e00                _vsnprintf_r
                0x0000000008000e00                _vsniprintf_r
 .text.vsnprintf
                0x0000000008000e58       0x1c /home/maciel/stm32/gnu-mcu-eclipse/arm-none-eabi-gcc/8.2.1-1.7-20190524-0603/bin/../lib/gcc/arm-none-eabi/8.2.1/../../../../arm-none-eabi/lib/thumb/v7-m/nofp/libg_nano.a(lib_a-vsnprintf.o)
                0x0000000008000e58                vsnprintf
                0x0000000008000e58                vsniprintf
 .text.__ssputs_r
                0x0000000008000e74       0xb6 /home/maciel/stm32/gnu-mcu-eclipse/arm-none-eabi-gcc/8.2.1-1.7-20190524-0603/bin/../lib/gcc/arm-none-eabi/8.2.1/../../../../arm-none-eabi/lib/thumb/v7-m/nofp/libg_nano.a(lib_a-nano-svfprintf.o)
                0x0000000008000e74                __ssputs_r
 *fill*         0x0000000008000f2a        0x2 
 .text._svfprintf_r
                0x0000000008000f2c      0x1f0 /home/maciel/stm32/gnu-mcu-eclipse/arm-none-eabi-gcc/8.2.1-1.7-20190524-0603/bin/../lib/gcc/arm-none-eabi/8.2.1/../../../../arm-none-eabi/lib/thumb/v7-m/nofp/libg_nano.a(lib_a-nano-svfprintf.o)
                0x0000000008000f2c                _svfprintf_r
                0x0000000008000f2c                _svfiprintf_r
 .text._printf_common
                0x000000000800111c       0xec /home/maciel/stm32/gnu-mcu-eclipse/arm-none-eabi-gcc/8.2.1-1.7-20190524-0603/bin/../lib/gcc/arm-none-eabi/8.2.1/../../../../arm-none-eabi/lib/thumb/v7-m/nofp/libg_nano.a(lib_a-nano-vfprintf_i.o)
                0x000000000800111c                _printf_common
 .text._printf_i
                0x0000000008001208      0x22c /home/maciel/stm32/gnu-mcu-eclipse/arm-none-eabi-gcc/8.2.1-1.7-20190524-0603/bin/../lib/gcc/arm-none-eabi/8.2.1/../../../../arm-none-eabi/lib/thumb/v7-m/nofp/libg_nano.a(lib_a-nano-vfprintf_i.o)
                0x0000000008001208                _printf_i
 .text.memchr   0x0000000008001434       0x1c /home/maciel/stm32/gnu-mcu-eclipse/arm-none-eabi-gcc/8.2.1-1.7-20190524-0603/bin/../lib/gcc/arm-none-eabi/8.2.1/../../../../arm-none-eabi/lib/thumb/v7-m/nofp/libg_nano.a(lib_a-memchr-stub.o)
                0x0000000008001434                memchr
 .text.memcpy   0x0000000008001450       0x1c /home/maciel/stm32/gnu-mcu-eclipse/arm-none-eabi-gcc/8.2.1-1.7-20190524-0603/bin/../lib/gcc/arm-none-eabi/8.2.1/../../../../arm-none-eabi/lib/thumb/v7-m/nofp/libg_nano.a(lib_a-memcpy-stub.o)
                0x0000000008001450                memcpy
 .text.memmove  0x000000000800146c       0x34 /home/maciel/stm32/gnu-mcu-eclipse/arm-none-eabi-gcc/8.2.1-1.7-20190524-0603/bin/../lib/gcc/arm-none-eabi/8.2.1/../../../../arm-none-eabi/lib/thumb/v7-m/nofp/libg_nano.a(lib_a-memmove.o)
                0x000000000800146c                memmove
 .text._free_r  0x00000000080014a0       0x98 /home/maciel/stm32/gnu-mcu-eclipse/arm-none-eabi-gcc/8.2.1-1.7-20190524-0603/bin/../lib/gcc/arm-none-eabi/8.2.1/../../../../arm-none-eabi/lib/thumb/v7-m/nofp/libg_nano.a(lib_a-nano-freer.o)
                0x00000000080014a0                _free_r
 .text._malloc_r
                0x0000000008001538       0xb4 /home/maciel/stm32/gnu-mcu-eclipse/arm-none-eabi-gcc/8.2.1-1.7-20190524-0603/bin/../lib/gcc/arm-none-eabi/8.2.1/../../../../arm-none-eabi/lib/thumb/v7-m/nofp/libg_nano.a(lib_a-nano-mallocr.o)
                0x0000000008001538                _malloc_r
 .text._realloc_r
                0x00000000080015ec       0x4c /home/maciel/stm32/gnu-mcu-eclipse/arm-none-eabi-gcc/8.2.1-1.7-20190524-0603/bin/../lib/gcc/arm-none-eabi/8.2.1/../../../../arm-none-eabi/lib/thumb/v7-m/nofp/libg_nano.a(lib_a-nano-reallocr.o)
                0x00000000080015ec                _realloc_r
 .text._sbrk_r  0x0000000008001638       0x20 /home/maciel/stm32/gnu-mcu-eclipse/arm-none-eabi-gcc/8.2.1-1.7-20190524-0603/bin/../lib/gcc/arm-none-eabi/8.2.1/../../../../arm-none-eabi/lib/thumb/v7-m/nofp/libg_nano.a(lib_a-sbrkr.o)
                0x0000000008001638                _sbrk_r
 .text.__malloc_lock
                0x0000000008001658        0xc /home/maciel/stm32/gnu-mcu-eclipse/arm-none-eabi-gcc/8.2.1-1.7-20190524-0603/bin/../lib/gcc/arm-none-eabi/8.2.1/../../../../arm-none-eabi/lib/thumb/v7-m/nofp/libg_nano.a(lib_a-mlock.o)
                0x0000000008001658                __malloc_lock
 .text.__malloc_unlock
                0x0000000008001664        0xc /home/maciel/stm32/gnu-mcu-eclipse/arm-none-eabi-gcc/8.2.1-1.7-20190524-0603/bin/../lib/gcc/arm-none-eabi/8.2.1/../../../../arm-none-eabi/lib/thumb/v7-m/nofp/libg_nano.a(lib_a-mlock.o)
                0x0000000008001664                __malloc_unlock
 .text._malloc_usable_size_r
                0x0000000008001670       0x10 /home/maciel/stm32/gnu-mcu-eclipse/arm-none-eabi-gcc/8.2.1-1.7-20190524-0603/bin/../lib/gcc/arm-none-eabi/8.2.1/../../../../arm-none-eabi/lib/thumb/v7-m/nofp/libg_nano.a(lib_a-nano-msizer.o)
                0x0000000008001670                _malloc_usable_size_r
 .text.__retarget_lock_acquire_recursive
                0x0000000008001680        0x2 /home/maciel/stm32/gnu-mcu-eclipse/arm-none-eabi-gcc/8.2.1-1.7-20190524-0603/bin/../lib/gcc/arm-none-eabi/8.2.1/../../../../arm-none-eabi/lib/thumb/v7-m/nofp/libg_nano.a(lib_a-lock.o)
                0x0000000008001680                __retarget_lock_acquire_recursive
 .text.__retarget_lock_release_recursive
                0x0000000008001682        0x2 /home/maciel/stm32/gnu-mcu-eclipse/arm-none-eabi-gcc/8.2.1-1.7-20190524-0603/bin/../lib/gcc/arm-none-eabi/8.2.1/../../../../arm-none-eabi/lib/thumb/v7-m/nofp/libg_nano.a(lib_a-lock.o)
                0x0000000008001682                __retarget_lock_release_recursive
 *(.rodata .rodata.* .constdata .constdata.*)
 .rodata.ADC_DeInit.str1.4
                0x0000000008001684       0x30 ./system/src/stm32f1-stdperiph/stm32f10x_adc.o
 .rodata.GPIO_DeInit.str1.4
                0x00000000080016b4       0x31 ./system/src/stm32f1-stdperiph/stm32f10x_gpio.o
 *fill*         0x00000000080016e5        0x3 
 .rodata.RCC_HSEConfig.str1.4
                0x00000000080016e8       0x30 ./system/src/stm32f1-stdperiph/stm32f10x_rcc.o
 .rodata.abort.str1.4
                0x0000000008001718       0x14 ./system/src/newlib/_exit.o
 .rodata.assert_failed.str1.4
                0x000000000800172c       0x2b ./system/src/newlib/assert.o
 .rodata.trace_puts.str1.4
                0x0000000008001757       0x2b ./system/src/diag/Trace.o
                                          0x2 (size before relaxing)
 *fill*         0x0000000008001757        0x1 
 .rodata.dumpExceptionStack.str1.4
                0x0000000008001758      0x11a ./system/src/cortexm/exception_handlers.o
 *fill*         0x0000000008001872        0x2 
 .rodata.str1.4
                0x0000000008001874       0x2c ./system/src/cortexm/exception_handlers.o
                                         0x2a (size before relaxing)
 .rodata._svfprintf_r.str1.1
                0x00000000080018a0       0x11 /home/maciel/stm32/gnu-mcu-eclipse/arm-none-eabi-gcc/8.2.1-1.7-20190524-0603/bin/../lib/gcc/arm-none-eabi/8.2.1/../../../../arm-none-eabi/lib/thumb/v7-m/nofp/libg_nano.a(lib_a-nano-svfprintf.o)
 .rodata._printf_i.str1.1
                0x00000000080018b1       0x22 /home/maciel/stm32/gnu-mcu-eclipse/arm-none-eabi-gcc/8.2.1-1.7-20190524-0603/bin/../lib/gcc/arm-none-eabi/8.2.1/../../../../arm-none-eabi/lib/thumb/v7-m/nofp/libg_nano.a(lib_a-nano-vfprintf_i.o)
 *(vtable)
 *(.eh_frame*)
 *(.glue_7)
 .glue_7        0x00000000080018d3        0x0 linker stubs
 *(.glue_7t)
 .glue_7t       0x00000000080018d3        0x0 linker stubs

.vfp11_veneer   0x00000000080018d4        0x0
 .vfp11_veneer  0x00000000080018d4        0x0 linker stubs

.v4_bx          0x00000000080018d4        0x0
 .v4_bx         0x00000000080018d4        0x0 linker stubs

.iplt           0x00000000080018d4        0x0
 .iplt          0x00000000080018d4        0x0 ./system/src/stm32f1-stdperiph/stm32f10x_adc.o

.rel.dyn        0x00000000080018d4        0x0
 .rel.iplt      0x00000000080018d4        0x0 ./system/src/stm32f1-stdperiph/stm32f10x_adc.o

.ARM.extab
 *(.ARM.extab* .gnu.linkonce.armextab.*)
                0x00000000080018d4                . = ALIGN (0x4)
                0x00000000080018d4                __exidx_start = .

.ARM.exidx
 *(.ARM.exidx* .gnu.linkonce.armexidx.*)
                0x00000000080018d4                __exidx_end = .
                0x00000000080018d4                . = ALIGN (0x4)
                0x00000000080018d4                _etext = .
                0x00000000080018d4                __etext = .

.data_CCMRAM    0x0000000000000000        0x0 load address 0x00000000080018d4
 FILL mask 0xff
 *(.data.CCMRAM .data.CCMRAM.*)
                0x0000000000000000                . = ALIGN (0x4)
                0x00000000080018d4                _sidata = LOADADDR (.data)

.data           0x0000000020000000       0x88 load address 0x00000000080018d4
 FILL mask 0xff
                0x0000000020000000                _sdata = .
                0x0000000020000000                __data_start__ = .
 *(.data_begin .data_begin.*)
 .data_begin    0x0000000020000000        0x4 ./system/src/newlib/_startup.o
 *(.data .data.*)
 .data.argv.4374
                0x0000000020000004        0x8 ./system/src/newlib/_syscalls.o
 .data.AHBPrescTable
                0x000000002000000c       0x10 ./system/src/cmsis/system_stm32f10x.o
                0x000000002000000c                AHBPrescTable
 .data.SystemCoreClock
                0x000000002000001c        0x4 ./system/src/cmsis/system_stm32f10x.o
                0x000000002000001c                SystemCoreClock
 .data._impure_ptr
                0x0000000020000020        0x4 /home/maciel/stm32/gnu-mcu-eclipse/arm-none-eabi-gcc/8.2.1-1.7-20190524-0603/bin/../lib/gcc/arm-none-eabi/8.2.1/../../../../arm-none-eabi/lib/thumb/v7-m/nofp/libg_nano.a(lib_a-impure.o)
                0x0000000020000020                _impure_ptr
 .data.impure_data
                0x0000000020000024       0x60 /home/maciel/stm32/gnu-mcu-eclipse/arm-none-eabi-gcc/8.2.1-1.7-20190524-0603/bin/../lib/gcc/arm-none-eabi/8.2.1/../../../../arm-none-eabi/lib/thumb/v7-m/nofp/libg_nano.a(lib_a-impure.o)
 *(.data_end .data_end.*)
 .data_end      0x0000000020000084        0x4 ./system/src/newlib/_startup.o
                0x0000000020000088                . = ALIGN (0x4)
                0x0000000020000088                _edata = .
                0x0000000020000088                __data_end__ = .

.igot.plt       0x0000000020000088        0x0 load address 0x000000000800195c
 .igot.plt      0x0000000020000088        0x0 ./system/src/stm32f1-stdperiph/stm32f10x_adc.o

.bss_CCMRAM     0x0000000000000000        0x0
 *(.bss.CCMRAM .bss.CCMRAM.*)

.bss            0x0000000020000088       0xac
                0x0000000020000088                __bss_start__ = .
                0x0000000020000088                _sbss = .
 *(.bss_begin .bss_begin.*)
 .bss_begin     0x0000000020000088        0x4 ./system/src/newlib/_startup.o
 *(.bss .bss.*)
 .bss.current_heap_end.4004
                0x000000002000008c        0x4 ./system/src/newlib/_sbrk.o
 .bss.name.4373
                0x0000000020000090        0x1 ./system/src/newlib/_syscalls.o
 *fill*         0x0000000020000091        0x3 
 .bss.buf.5248  0x0000000020000094       0x80 ./system/src/diag/Trace.o
 .bss.val       0x0000000020000114        0x2 ./src/main.o
                0x0000000020000114                val
 *fill*         0x0000000020000116        0x2 
 .bss.__malloc_free_list
                0x0000000020000118        0x4 /home/maciel/stm32/gnu-mcu-eclipse/arm-none-eabi-gcc/8.2.1-1.7-20190524-0603/bin/../lib/gcc/arm-none-eabi/8.2.1/../../../../arm-none-eabi/lib/thumb/v7-m/nofp/libg_nano.a(lib_a-nano-mallocr.o)
                0x0000000020000118                __malloc_free_list
 .bss.__malloc_sbrk_start
                0x000000002000011c        0x4 /home/maciel/stm32/gnu-mcu-eclipse/arm-none-eabi-gcc/8.2.1-1.7-20190524-0603/bin/../lib/gcc/arm-none-eabi/8.2.1/../../../../arm-none-eabi/lib/thumb/v7-m/nofp/libg_nano.a(lib_a-nano-mallocr.o)
                0x000000002000011c                __malloc_sbrk_start
 *(COMMON)
 COMMON         0x0000000020000120        0x4 ./system/src/newlib/_syscalls.o
                0x0000000020000120                errno
 COMMON         0x0000000020000124        0x9 /home/maciel/stm32/gnu-mcu-eclipse/arm-none-eabi-gcc/8.2.1-1.7-20190524-0603/bin/../lib/gcc/arm-none-eabi/8.2.1/../../../../arm-none-eabi/lib/thumb/v7-m/nofp/libg_nano.a(lib_a-lock.o)
                0x0000000020000124                __lock___atexit_recursive_mutex
                0x0000000020000125                __lock___arc4random_mutex
                0x0000000020000126                __lock___env_recursive_mutex
                0x0000000020000127                __lock___sinit_recursive_mutex
                0x0000000020000128                __lock___malloc_recursive_mutex
                0x0000000020000129                __lock___at_quick_exit_mutex
                0x000000002000012a                __lock___dd_hash_mutex
                0x000000002000012b                __lock___tz_mutex
                0x000000002000012c                __lock___sfp_recursive_mutex
 *(.bss_end .bss_end.*)
 *fill*         0x000000002000012d        0x3 
 .bss_end       0x0000000020000130        0x4 ./system/src/newlib/_startup.o
                0x0000000020000134                . = ALIGN (0x4)
                0x0000000020000134                __bss_end__ = .
                0x0000000020000134                _ebss = .

.noinit_CCMRAM
 *(.noinit.CCMRAM .noinit.CCMRAM.*)

.noinit         0x0000000020000134        0x0
                0x0000000020000134                _noinit = .
 *(.noinit .noinit.*)
                0x0000000020000134                . = ALIGN (0x4)
                0x0000000020000134                _end_noinit = .
                [!provide]                        PROVIDE (end = _end_noinit)
                [!provide]                        PROVIDE (_end = _end_noinit)
                [!provide]                        PROVIDE (__end = _end_noinit)
                [!provide]                        PROVIDE (__end__ = _end_noinit)

._check_stack   0x0000000020000134      0x100
                0x0000000020000234                . = (. + _Minimum_Stack_Size)
 *fill*         0x0000000020000134      0x100 

.b1text
 *(.b1text)
 *(.b1rodata)
 *(.b1rodata.*)

.eb0text
 *(.eb0text)
 *(.eb0rodata)
 *(.eb0rodata.*)

.eb1text
 *(.eb1text)
 *(.eb1rodata)
 *(.eb1rodata.*)

.eb2text
 *(.eb2text)
 *(.eb2rodata)
 *(.eb2rodata.*)

.eb3text
 *(.eb3text)
 *(.eb3rodata)
 *(.eb3rodata.*)

.stab
 *(.stab)

.stabstr
 *(.stabstr)

.stab.excl
 *(.stab.excl)

.stab.exclstr
 *(.stab.exclstr)

.stab.index
 *(.stab.index)

.stab.indexstr
 *(.stab.indexstr)

.comment        0x0000000000000000       0x68
 *(.comment)
 .comment       0x0000000000000000       0x68 ./system/src/stm32f1-stdperiph/stm32f10x_adc.o
                                         0x69 (size before relaxing)
 .comment       0x0000000000000068       0x69 ./system/src/stm32f1-stdperiph/stm32f10x_gpio.o
 .comment       0x0000000000000068       0x69 ./system/src/stm32f1-stdperiph/stm32f10x_rcc.o
 .comment       0x0000000000000068       0x69 ./system/src/newlib/_exit.o
 .comment       0x0000000000000068       0x69 ./system/src/newlib/_sbrk.o
 .comment       0x0000000000000068       0x69 ./system/src/newlib/_startup.o
 .comment       0x0000000000000068       0x69 ./system/src/newlib/_syscalls.o
 .comment       0x0000000000000068       0x69 ./system/src/newlib/assert.o
 .comment       0x0000000000000068       0x69 ./system/src/diag/Trace.o
 .comment       0x0000000000000068       0x69 ./system/src/diag/trace_impl.o
 .comment       0x0000000000000068       0x69 ./system/src/cortexm/_initialize_hardware.o
 .comment       0x0000000000000068       0x69 ./system/src/cortexm/exception_handlers.o
 .comment       0x0000000000000068       0x69 ./system/src/cmsis/system_stm32f10x.o
 .comment       0x0000000000000068       0x69 ./system/src/cmsis/vectors_stm32f10x.o
 .comment       0x0000000000000068       0x69 ./src/main.o

.ARM.attributes
                0x0000000000000000       0x2b
 .ARM.attributes
                0x0000000000000000       0x2d ./system/src/stm32f1-stdperiph/stm32f10x_adc.o
 .ARM.attributes
                0x000000000000002d       0x2d ./system/src/stm32f1-stdperiph/stm32f10x_gpio.o
 .ARM.attributes
                0x000000000000005a       0x2d ./system/src/stm32f1-stdperiph/stm32f10x_rcc.o
 .ARM.attributes
                0x0000000000000087       0x2d ./system/src/newlib/_exit.o
 .ARM.attributes
                0x00000000000000b4       0x2d ./system/src/newlib/_sbrk.o
 .ARM.attributes
                0x00000000000000e1       0x2d ./system/src/newlib/_startup.o
 .ARM.attributes
                0x000000000000010e       0x2d ./system/src/newlib/_syscalls.o
 .ARM.attributes
                0x000000000000013b       0x2d ./system/src/newlib/assert.o
 .ARM.attributes
                0x0000000000000168       0x2d ./system/src/diag/Trace.o
 .ARM.attributes
                0x0000000000000195       0x2d ./system/src/diag/trace_impl.o
 .ARM.attributes
                0x00000000000001c2       0x2d ./system/src/cortexm/_initialize_hardware.o
 .ARM.attributes
                0x00000000000001ef       0x2d ./system/src/cortexm/exception_handlers.o
 .ARM.attributes
                0x000000000000021c       0x2d ./system/src/cmsis/system_stm32f10x.o
 .ARM.attributes
                0x0000000000000249       0x2d ./system/src/cmsis/vectors_stm32f10x.o
 .ARM.attributes
                0x0000000000000276       0x2d ./src/main.o
 .ARM.attributes
                0x00000000000002a3       0x2d /home/maciel/stm32/gnu-mcu-eclipse/arm-none-eabi-gcc/8.2.1-1.7-20190524-0603/bin/../lib/gcc/arm-none-eabi/8.2.1/../../../../arm-none-eabi/lib/thumb/v7-m/nofp/libg_nano.a(lib_a-errno.o)
 .ARM.attributes
                0x00000000000002d0       0x2d /home/maciel/stm32/gnu-mcu-eclipse/arm-none-eabi-gcc/8.2.1-1.7-20190524-0603/bin/../lib/gcc/arm-none-eabi/8.2.1/../../../../arm-none-eabi/lib/thumb/v7-m/nofp/libg_nano.a(lib_a-impure.o)
 .ARM.attributes
                0x00000000000002fd       0x17 /home/maciel/stm32/gnu-mcu-eclipse/arm-none-eabi-gcc/8.2.1-1.7-20190524-0603/bin/../lib/gcc/arm-none-eabi/8.2.1/../../../../arm-none-eabi/lib/thumb/v7-m/nofp/libg_nano.a(lib_a-strlen.o)
 .ARM.attributes
                0x0000000000000314       0x2d /home/maciel/stm32/gnu-mcu-eclipse/arm-none-eabi-gcc/8.2.1-1.7-20190524-0603/bin/../lib/gcc/arm-none-eabi/8.2.1/../../../../arm-none-eabi/lib/thumb/v7-m/nofp/libg_nano.a(lib_a-vsnprintf.o)
 .ARM.attributes
                0x0000000000000341       0x2d /home/maciel/stm32/gnu-mcu-eclipse/arm-none-eabi-gcc/8.2.1-1.7-20190524-0603/bin/../lib/gcc/arm-none-eabi/8.2.1/../../../../arm-none-eabi/lib/thumb/v7-m/nofp/libg_nano.a(lib_a-nano-svfprintf.o)
 .ARM.attributes
                0x000000000000036e       0x2d /home/maciel/stm32/gnu-mcu-eclipse/arm-none-eabi-gcc/8.2.1-1.7-20190524-0603/bin/../lib/gcc/arm-none-eabi/8.2.1/../../../../arm-none-eabi/lib/thumb/v7-m/nofp/libg_nano.a(lib_a-nano-vfprintf_i.o)
 .ARM.attributes
                0x000000000000039b       0x2d /home/maciel/stm32/gnu-mcu-eclipse/arm-none-eabi-gcc/8.2.1-1.7-20190524-0603/bin/../lib/gcc/arm-none-eabi/8.2.1/../../../../arm-none-eabi/lib/thumb/v7-m/nofp/libg_nano.a(lib_a-memchr-stub.o)
 .ARM.attributes
                0x00000000000003c8       0x2d /home/maciel/stm32/gnu-mcu-eclipse/arm-none-eabi-gcc/8.2.1-1.7-20190524-0603/bin/../lib/gcc/arm-none-eabi/8.2.1/../../../../arm-none-eabi/lib/thumb/v7-m/nofp/libg_nano.a(lib_a-memcpy-stub.o)
 .ARM.attributes
                0x00000000000003f5       0x2d /home/maciel/stm32/gnu-mcu-eclipse/arm-none-eabi-gcc/8.2.1-1.7-20190524-0603/bin/../lib/gcc/arm-none-eabi/8.2.1/../../../../arm-none-eabi/lib/thumb/v7-m/nofp/libg_nano.a(lib_a-memmove.o)
 .ARM.attributes
                0x0000000000000422       0x2d /home/maciel/stm32/gnu-mcu-eclipse/arm-none-eabi-gcc/8.2.1-1.7-20190524-0603/bin/../lib/gcc/arm-none-eabi/8.2.1/../../../../arm-none-eabi/lib/thumb/v7-m/nofp/libg_nano.a(lib_a-nano-freer.o)
 .ARM.attributes
                0x000000000000044f       0x2d /home/maciel/stm32/gnu-mcu-eclipse/arm-none-eabi-gcc/8.2.1-1.7-20190524-0603/bin/../lib/gcc/arm-none-eabi/8.2.1/../../../../arm-none-eabi/lib/thumb/v7-m/nofp/libg_nano.a(lib_a-nano-mallocr.o)
 .ARM.attributes
                0x000000000000047c       0x2d /home/maciel/stm32/gnu-mcu-eclipse/arm-none-eabi-gcc/8.2.1-1.7-20190524-0603/bin/../lib/gcc/arm-none-eabi/8.2.1/../../../../arm-none-eabi/lib/thumb/v7-m/nofp/libg_nano.a(lib_a-nano-reallocr.o)
 .ARM.attributes
                0x00000000000004a9       0x2d /home/maciel/stm32/gnu-mcu-eclipse/arm-none-eabi-gcc/8.2.1-1.7-20190524-0603/bin/../lib/gcc/arm-none-eabi/8.2.1/../../../../arm-none-eabi/lib/thumb/v7-m/nofp/libg_nano.a(lib_a-sbrkr.o)
 .ARM.attributes
                0x00000000000004d6       0x2d /home/maciel/stm32/gnu-mcu-eclipse/arm-none-eabi-gcc/8.2.1-1.7-20190524-0603/bin/../lib/gcc/arm-none-eabi/8.2.1/../../../../arm-none-eabi/lib/thumb/v7-m/nofp/libg_nano.a(lib_a-mlock.o)
 .ARM.attributes
                0x0000000000000503       0x2d /home/maciel/stm32/gnu-mcu-eclipse/arm-none-eabi-gcc/8.2.1-1.7-20190524-0603/bin/../lib/gcc/arm-none-eabi/8.2.1/../../../../arm-none-eabi/lib/thumb/v7-m/nofp/libg_nano.a(lib_a-nano-msizer.o)
 .ARM.attributes
                0x0000000000000530       0x2d /home/maciel/stm32/gnu-mcu-eclipse/arm-none-eabi-gcc/8.2.1-1.7-20190524-0603/bin/../lib/gcc/arm-none-eabi/8.2.1/../../../../arm-none-eabi/lib/thumb/v7-m/nofp/libg_nano.a(lib_a-lock.o)

.debug
 *(.debug)

.line
 *(.line)

.debug_srcinfo
 *(.debug_srcinfo)

.debug_sfnames
 *(.debug_sfnames)

.debug_aranges  0x0000000000000000      0x5a0
 *(.debug_aranges)
 .debug_aranges
                0x0000000000000000      0x138 ./system/src/stm32f1-stdperiph/stm32f10x_adc.o
 .debug_aranges
                0x0000000000000138       0xa8 ./system/src/stm32f1-stdperiph/stm32f10x_gpio.o
 .debug_aranges
                0x00000000000001e0      0x118 ./system/src/stm32f1-stdperiph/stm32f10x_rcc.o
 .debug_aranges
                0x00000000000002f8       0x28 ./system/src/newlib/_exit.o
 .debug_aranges
                0x0000000000000320       0x20 ./system/src/newlib/_sbrk.o
 .debug_aranges
                0x0000000000000340       0x40 ./system/src/newlib/_startup.o
 .debug_aranges
                0x0000000000000380       0x30 ./system/src/newlib/_syscalls.o
 .debug_aranges
                0x00000000000003b0       0x28 ./system/src/newlib/assert.o
 .debug_aranges
                0x00000000000003d8       0x38 ./system/src/diag/Trace.o
 .debug_aranges
                0x0000000000000410       0x30 ./system/src/diag/trace_impl.o
 .debug_aranges
                0x0000000000000440       0x28 ./system/src/cortexm/_initialize_hardware.o
 .debug_aranges
                0x0000000000000468       0x90 ./system/src/cortexm/exception_handlers.o
 .debug_aranges
                0x00000000000004f8       0x38 ./system/src/cmsis/system_stm32f10x.o
 .debug_aranges
                0x0000000000000530       0x20 ./system/src/cmsis/vectors_stm32f10x.o
 .debug_aranges
                0x0000000000000550       0x50 ./src/main.o

.debug_pubnames
 *(.debug_pubnames)

.debug_info     0x0000000000000000     0x920a
 *(.debug_info .gnu.linkonce.wi.*)
 .debug_info    0x0000000000000000     0x1640 ./system/src/stm32f1-stdperiph/stm32f10x_adc.o
 .debug_info    0x0000000000001640      0xce4 ./system/src/stm32f1-stdperiph/stm32f10x_gpio.o
 .debug_info    0x0000000000002324      0xdbb ./system/src/stm32f1-stdperiph/stm32f10x_rcc.o
 .debug_info    0x00000000000030df      0x9e7 ./system/src/newlib/_exit.o
 .debug_info    0x0000000000003ac6      0x9d4 ./system/src/newlib/_sbrk.o
 .debug_info    0x000000000000449a      0x4ce ./system/src/newlib/_startup.o
 .debug_info    0x0000000000004968      0xab9 ./system/src/newlib/_syscalls.o
 .debug_info    0x0000000000005421      0xaaa ./system/src/newlib/assert.o
 .debug_info    0x0000000000005ecb      0xbdb ./system/src/diag/Trace.o
 .debug_info    0x0000000000006aa6      0x3be ./system/src/diag/trace_impl.o
 .debug_info    0x0000000000006e64      0x2d6 ./system/src/cortexm/_initialize_hardware.o
 .debug_info    0x000000000000713a     0x127b ./system/src/cortexm/exception_handlers.o
 .debug_info    0x00000000000083b5      0x4e0 ./system/src/cmsis/system_stm32f10x.o
 .debug_info    0x0000000000008895       0xce ./system/src/cmsis/vectors_stm32f10x.o
 .debug_info    0x0000000000008963      0x8a7 ./src/main.o

.debug_abbrev   0x0000000000000000     0x1f57
 *(.debug_abbrev)
 .debug_abbrev  0x0000000000000000      0x225 ./system/src/stm32f1-stdperiph/stm32f10x_adc.o
 .debug_abbrev  0x0000000000000225      0x24b ./system/src/stm32f1-stdperiph/stm32f10x_gpio.o
 .debug_abbrev  0x0000000000000470      0x240 ./system/src/stm32f1-stdperiph/stm32f10x_rcc.o
 .debug_abbrev  0x00000000000006b0      0x222 ./system/src/newlib/_exit.o
 .debug_abbrev  0x00000000000008d2      0x232 ./system/src/newlib/_sbrk.o
 .debug_abbrev  0x0000000000000b04      0x1d7 ./system/src/newlib/_startup.o
 .debug_abbrev  0x0000000000000cdb      0x26d ./system/src/newlib/_syscalls.o
 .debug_abbrev  0x0000000000000f48      0x222 ./system/src/newlib/assert.o
 .debug_abbrev  0x000000000000116a      0x2c6 ./system/src/diag/Trace.o
 .debug_abbrev  0x0000000000001430      0x221 ./system/src/diag/trace_impl.o
 .debug_abbrev  0x0000000000001651       0xfc ./system/src/cortexm/_initialize_hardware.o
 .debug_abbrev  0x000000000000174d      0x372 ./system/src/cortexm/exception_handlers.o
 .debug_abbrev  0x0000000000001abf      0x19d ./system/src/cmsis/system_stm32f10x.o
 .debug_abbrev  0x0000000000001c5c       0xa5 ./system/src/cmsis/vectors_stm32f10x.o
 .debug_abbrev  0x0000000000001d01      0x256 ./src/main.o

.debug_line     0x0000000000000000     0x6882
 *(.debug_line)
 .debug_line    0x0000000000000000     0x1242 ./system/src/stm32f1-stdperiph/stm32f10x_adc.o
 .debug_line    0x0000000000001242      0xd00 ./system/src/stm32f1-stdperiph/stm32f10x_gpio.o
 .debug_line    0x0000000000001f42      0xddf ./system/src/stm32f1-stdperiph/stm32f10x_rcc.o
 .debug_line    0x0000000000002d21      0x3be ./system/src/newlib/_exit.o
 .debug_line    0x00000000000030df      0x3af ./system/src/newlib/_sbrk.o
 .debug_line    0x000000000000348e      0x5d0 ./system/src/newlib/_startup.o
 .debug_line    0x0000000000003a5e      0x4ab ./system/src/newlib/_syscalls.o
 .debug_line    0x0000000000003f09      0x401 ./system/src/newlib/assert.o
 .debug_line    0x000000000000430a      0x49a ./system/src/diag/Trace.o
 .debug_line    0x00000000000047a4      0x712 ./system/src/diag/trace_impl.o
 .debug_line    0x0000000000004eb6      0x39c ./system/src/cortexm/_initialize_hardware.o
 .debug_line    0x0000000000005252      0x8ff ./system/src/cortexm/exception_handlers.o
 .debug_line    0x0000000000005b51      0x5a8 ./system/src/cmsis/system_stm32f10x.o
 .debug_line    0x00000000000060f9      0x127 ./system/src/cmsis/vectors_stm32f10x.o
 .debug_line    0x0000000000006220      0x662 ./src/main.o

.debug_frame    0x0000000000000000     0x11c4
 *(.debug_frame)
 .debug_frame   0x0000000000000000      0x3dc ./system/src/stm32f1-stdperiph/stm32f10x_adc.o
 .debug_frame   0x00000000000003dc      0x1e8 ./system/src/stm32f1-stdperiph/stm32f10x_gpio.o
 .debug_frame   0x00000000000005c4      0x320 ./system/src/stm32f1-stdperiph/stm32f10x_rcc.o
 .debug_frame   0x00000000000008e4       0x38 ./system/src/newlib/_exit.o
 .debug_frame   0x000000000000091c       0x28 ./system/src/newlib/_sbrk.o
 .debug_frame   0x0000000000000944       0x7c ./system/src/newlib/_startup.o
 .debug_frame   0x00000000000009c0       0x50 ./system/src/newlib/_syscalls.o
 .debug_frame   0x0000000000000a10       0x40 ./system/src/newlib/assert.o
 .debug_frame   0x0000000000000a50       0x94 ./system/src/diag/Trace.o
 .debug_frame   0x0000000000000ae4       0x64 ./system/src/diag/trace_impl.o
 .debug_frame   0x0000000000000b48       0x40 ./system/src/cortexm/_initialize_hardware.o
 .debug_frame   0x0000000000000b88      0x158 ./system/src/cortexm/exception_handlers.o
 .debug_frame   0x0000000000000ce0       0x6c ./system/src/cmsis/system_stm32f10x.o
 .debug_frame   0x0000000000000d4c       0x20 ./system/src/cmsis/vectors_stm32f10x.o
 .debug_frame   0x0000000000000d6c       0xb4 ./src/main.o
 .debug_frame   0x0000000000000e20       0x20 /home/maciel/stm32/gnu-mcu-eclipse/arm-none-eabi-gcc/8.2.1-1.7-20190524-0603/bin/../lib/gcc/arm-none-eabi/8.2.1/../../../../arm-none-eabi/lib/thumb/v7-m/nofp/libg_nano.a(lib_a-errno.o)
 .debug_frame   0x0000000000000e40       0x4c /home/maciel/stm32/gnu-mcu-eclipse/arm-none-eabi-gcc/8.2.1-1.7-20190524-0603/bin/../lib/gcc/arm-none-eabi/8.2.1/../../../../arm-none-eabi/lib/thumb/v7-m/nofp/libg_nano.a(lib_a-vsnprintf.o)
 .debug_frame   0x0000000000000e8c       0x90 /home/maciel/stm32/gnu-mcu-eclipse/arm-none-eabi-gcc/8.2.1-1.7-20190524-0603/bin/../lib/gcc/arm-none-eabi/8.2.1/../../../../arm-none-eabi/lib/thumb/v7-m/nofp/libg_nano.a(lib_a-nano-svfprintf.o)
 .debug_frame   0x0000000000000f1c       0x60 /home/maciel/stm32/gnu-mcu-eclipse/arm-none-eabi-gcc/8.2.1-1.7-20190524-0603/bin/../lib/gcc/arm-none-eabi/8.2.1/../../../../arm-none-eabi/lib/thumb/v7-m/nofp/libg_nano.a(lib_a-nano-vfprintf_i.o)
 .debug_frame   0x0000000000000f7c       0x28 /home/maciel/stm32/gnu-mcu-eclipse/arm-none-eabi-gcc/8.2.1-1.7-20190524-0603/bin/../lib/gcc/arm-none-eabi/8.2.1/../../../../arm-none-eabi/lib/thumb/v7-m/nofp/libg_nano.a(lib_a-memchr-stub.o)
 .debug_frame   0x0000000000000fa4       0x28 /home/maciel/stm32/gnu-mcu-eclipse/arm-none-eabi-gcc/8.2.1-1.7-20190524-0603/bin/../lib/gcc/arm-none-eabi/8.2.1/../../../../arm-none-eabi/lib/thumb/v7-m/nofp/libg_nano.a(lib_a-memcpy-stub.o)
 .debug_frame   0x0000000000000fcc       0x28 /home/maciel/stm32/gnu-mcu-eclipse/arm-none-eabi-gcc/8.2.1-1.7-20190524-0603/bin/../lib/gcc/arm-none-eabi/8.2.1/../../../../arm-none-eabi/lib/thumb/v7-m/nofp/libg_nano.a(lib_a-memmove.o)
 .debug_frame   0x0000000000000ff4       0x38 /home/maciel/stm32/gnu-mcu-eclipse/arm-none-eabi-gcc/8.2.1-1.7-20190524-0603/bin/../lib/gcc/arm-none-eabi/8.2.1/../../../../arm-none-eabi/lib/thumb/v7-m/nofp/libg_nano.a(lib_a-nano-freer.o)
 .debug_frame   0x000000000000102c       0x30 /home/maciel/stm32/gnu-mcu-eclipse/arm-none-eabi-gcc/8.2.1-1.7-20190524-0603/bin/../lib/gcc/arm-none-eabi/8.2.1/../../../../arm-none-eabi/lib/thumb/v7-m/nofp/libg_nano.a(lib_a-nano-mallocr.o)
 .debug_frame   0x000000000000105c       0x3c /home/maciel/stm32/gnu-mcu-eclipse/arm-none-eabi-gcc/8.2.1-1.7-20190524-0603/bin/../lib/gcc/arm-none-eabi/8.2.1/../../../../arm-none-eabi/lib/thumb/v7-m/nofp/libg_nano.a(lib_a-nano-reallocr.o)
 .debug_frame   0x0000000000001098       0x2c /home/maciel/stm32/gnu-mcu-eclipse/arm-none-eabi-gcc/8.2.1-1.7-20190524-0603/bin/../lib/gcc/arm-none-eabi/8.2.1/../../../../arm-none-eabi/lib/thumb/v7-m/nofp/libg_nano.a(lib_a-sbrkr.o)
 .debug_frame   0x00000000000010c4       0x30 /home/maciel/stm32/gnu-mcu-eclipse/arm-none-eabi-gcc/8.2.1-1.7-20190524-0603/bin/../lib/gcc/arm-none-eabi/8.2.1/../../../../arm-none-eabi/lib/thumb/v7-m/nofp/libg_nano.a(lib_a-mlock.o)
 .debug_frame   0x00000000000010f4       0x20 /home/maciel/stm32/gnu-mcu-eclipse/arm-none-eabi-gcc/8.2.1-1.7-20190524-0603/bin/../lib/gcc/arm-none-eabi/8.2.1/../../../../arm-none-eabi/lib/thumb/v7-m/nofp/libg_nano.a(lib_a-nano-msizer.o)
 .debug_frame   0x0000000000001114       0xb0 /home/maciel/stm32/gnu-mcu-eclipse/arm-none-eabi-gcc/8.2.1-1.7-20190524-0603/bin/../lib/gcc/arm-none-eabi/8.2.1/../../../../arm-none-eabi/lib/thumb/v7-m/nofp/libg_nano.a(lib_a-lock.o)

.debug_str      0x0000000000000000    0x577ec
 *(.debug_str)
 .debug_str     0x0000000000000000    0x4f23d ./system/src/stm32f1-stdperiph/stm32f10x_adc.o
                                      0x4f3d8 (size before relaxing)
 .debug_str     0x000000000004f23d      0x5b6 ./system/src/stm32f1-stdperiph/stm32f10x_gpio.o
                                      0x4edfc (size before relaxing)
 .debug_str     0x000000000004f7f3      0xb4a ./system/src/stm32f1-stdperiph/stm32f10x_rcc.o
                                      0x4f3cb (size before relaxing)
 .debug_str     0x000000000005033d     0x4f14 ./system/src/newlib/_exit.o
                                       0x7ea4 (size before relaxing)
 .debug_str     0x0000000000055251      0x4f5 ./system/src/newlib/_sbrk.o
                                       0x7256 (size before relaxing)
 .debug_str     0x0000000000055746      0x260 ./system/src/newlib/_startup.o
                                       0x6991 (size before relaxing)
 .debug_str     0x00000000000559a6      0xdef ./system/src/newlib/_syscalls.o
                                       0x80a2 (size before relaxing)
 .debug_str     0x0000000000056795       0xd0 ./system/src/newlib/assert.o
                                       0x89a9 (size before relaxing)
 .debug_str     0x0000000000056865      0x819 ./system/src/diag/Trace.o
                                       0x861c (size before relaxing)
 .debug_str     0x000000000005707e      0x37b ./system/src/diag/trace_impl.o
                                      0x52a02 (size before relaxing)
 .debug_str     0x00000000000573f9       0xb2 ./system/src/cortexm/_initialize_hardware.o
                                      0x4e8e6 (size before relaxing)
 .debug_str     0x00000000000574ab      0x19d ./system/src/cortexm/exception_handlers.o
                                      0x53c27 (size before relaxing)
 .debug_str     0x0000000000057648       0x96 ./system/src/cmsis/system_stm32f10x.o
                                      0x4e980 (size before relaxing)
 .debug_str     0x00000000000576de       0x57 ./system/src/cmsis/vectors_stm32f10x.o
                                       0x3925 (size before relaxing)
 .debug_str     0x0000000000057735       0xb7 ./src/main.o
                                      0x4eb88 (size before relaxing)

.debug_loc      0x0000000000000000     0x3598
 *(.debug_loc)
 .debug_loc     0x0000000000000000     0x108b ./system/src/stm32f1-stdperiph/stm32f10x_adc.o
 .debug_loc     0x000000000000108b      0x9f6 ./system/src/stm32f1-stdperiph/stm32f10x_gpio.o
 .debug_loc     0x0000000000001a81      0xd2e ./system/src/stm32f1-stdperiph/stm32f10x_rcc.o
 .debug_loc     0x00000000000027af       0x15 ./system/src/newlib/_exit.o
 .debug_loc     0x00000000000027c4       0x97 ./system/src/newlib/_sbrk.o
 .debug_loc     0x000000000000285b      0x2a6 ./system/src/newlib/_startup.o
 .debug_loc     0x0000000000002b01       0x6f ./system/src/newlib/_syscalls.o
 .debug_loc     0x0000000000002b70      0x160 ./system/src/newlib/assert.o
 .debug_loc     0x0000000000002cd0      0x118 ./system/src/diag/Trace.o
 .debug_loc     0x0000000000002de8      0x1a1 ./system/src/diag/trace_impl.o
 .debug_loc     0x0000000000002f89      0x35c ./system/src/cortexm/exception_handlers.o
 .debug_loc     0x00000000000032e5       0xff ./system/src/cmsis/system_stm32f10x.o
 .debug_loc     0x00000000000033e4      0x1b4 ./src/main.o

.debug_macinfo
 *(.debug_macinfo)

.debug_weaknames
 *(.debug_weaknames)

.debug_funcnames
 *(.debug_funcnames)

.debug_typenames
 *(.debug_typenames)

.debug_varnames
 *(.debug_varnames)
OUTPUT(Test2.elf elf32-littlearm)

.debug_ranges   0x0000000000000000      0x528
 .debug_ranges  0x0000000000000000      0x128 ./system/src/stm32f1-stdperiph/stm32f10x_adc.o
 .debug_ranges  0x0000000000000128       0x98 ./system/src/stm32f1-stdperiph/stm32f10x_gpio.o
 .debug_ranges  0x00000000000001c0      0x108 ./system/src/stm32f1-stdperiph/stm32f10x_rcc.o
 .debug_ranges  0x00000000000002c8       0x18 ./system/src/newlib/_exit.o
 .debug_ranges  0x00000000000002e0       0x10 ./system/src/newlib/_sbrk.o
 .debug_ranges  0x00000000000002f0       0x48 ./system/src/newlib/_startup.o
 .debug_ranges  0x0000000000000338       0x20 ./system/src/newlib/_syscalls.o
 .debug_ranges  0x0000000000000358       0x18 ./system/src/newlib/assert.o
 .debug_ranges  0x0000000000000370       0x28 ./system/src/diag/Trace.o
 .debug_ranges  0x0000000000000398       0x38 ./system/src/diag/trace_impl.o
 .debug_ranges  0x00000000000003d0       0x18 ./system/src/cortexm/_initialize_hardware.o
 .debug_ranges  0x00000000000003e8       0x98 ./system/src/cortexm/exception_handlers.o
 .debug_ranges  0x0000000000000480       0x28 ./system/src/cmsis/system_stm32f10x.o
 .debug_ranges  0x00000000000004a8       0x10 ./system/src/cmsis/vectors_stm32f10x.o
 .debug_ranges  0x00000000000004b8       0x70 ./src/main.o

.debug_macro    0x0000000000000000     0x378a
 .debug_macro   0x0000000000000000      0x269 ./system/src/stm32f1-stdperiph/stm32f10x_adc.o
 .debug_macro   0x0000000000000269      0x13e ./system/src/stm32f1-stdperiph/stm32f10x_adc.o
 .debug_macro   0x00000000000003a7       0x8b ./system/src/stm32f1-stdperiph/stm32f10x_adc.o
 .debug_macro   0x0000000000000432      0x1b9 ./system/src/stm32f1-stdperiph/stm32f10x_gpio.o
 .debug_macro   0x00000000000005eb      0x2a6 ./system/src/stm32f1-stdperiph/stm32f10x_gpio.o
 .debug_macro   0x0000000000000891      0x287 ./system/src/stm32f1-stdperiph/stm32f10x_rcc.o
 .debug_macro   0x0000000000000b18      0x3dc ./system/src/stm32f1-stdperiph/stm32f10x_rcc.o
 .debug_macro   0x0000000000000ef4      0x1b4 ./system/src/newlib/_exit.o
 .debug_macro   0x00000000000010a8       0x34 ./system/src/newlib/_exit.o
 .debug_macro   0x00000000000010dc      0x10e ./system/src/newlib/_exit.o
 .debug_macro   0x00000000000011ea       0x8d ./system/src/newlib/_exit.o
 .debug_macro   0x0000000000001277       0x43 ./system/src/newlib/_exit.o
 .debug_macro   0x00000000000012ba      0x339 ./system/src/newlib/_exit.o
 .debug_macro   0x00000000000015f3       0x35 ./system/src/newlib/_exit.o
 .debug_macro   0x0000000000001628      0x169 ./system/src/newlib/_sbrk.o
 .debug_macro   0x0000000000001791      0x174 ./system/src/newlib/_sbrk.o
 .debug_macro   0x0000000000001905       0x10 ./system/src/newlib/_sbrk.o
 .debug_macro   0x0000000000001915      0x23b ./system/src/newlib/_sbrk.o
 .debug_macro   0x0000000000001b50      0x173 ./system/src/newlib/_startup.o
 .debug_macro   0x0000000000001cc3      0x1f3 ./system/src/newlib/_syscalls.o
 .debug_macro   0x0000000000001eb6       0x1c ./system/src/newlib/_syscalls.o
 .debug_macro   0x0000000000001ed2       0x10 ./system/src/newlib/_syscalls.o
 .debug_macro   0x0000000000001ee2       0x10 ./system/src/newlib/_syscalls.o
 .debug_macro   0x0000000000001ef2       0x10 ./system/src/newlib/_syscalls.o
 .debug_macro   0x0000000000001f02       0x35 ./system/src/newlib/_syscalls.o
 .debug_macro   0x0000000000001f37      0x122 ./system/src/newlib/_syscalls.o
 .debug_macro   0x0000000000002059       0x88 ./system/src/newlib/_syscalls.o
 .debug_macro   0x00000000000020e1      0x10c ./system/src/newlib/_syscalls.o
 .debug_macro   0x00000000000021ed      0x189 ./system/src/newlib/_syscalls.o
 .debug_macro   0x0000000000002376       0x16 ./system/src/newlib/_syscalls.o
 .debug_macro   0x000000000000238c      0x1d0 ./system/src/newlib/assert.o
 .debug_macro   0x000000000000255c       0x1c ./system/src/newlib/assert.o
 .debug_macro   0x0000000000002578      0x1fb ./system/src/diag/Trace.o
 .debug_macro   0x0000000000002773       0x16 ./system/src/diag/Trace.o
 .debug_macro   0x0000000000002789       0x97 ./system/src/diag/Trace.o
 .debug_macro   0x0000000000002820       0xfd ./system/src/diag/Trace.o
 .debug_macro   0x000000000000291d       0x10 ./system/src/diag/Trace.o
 .debug_macro   0x000000000000292d       0x16 ./system/src/diag/Trace.o
 .debug_macro   0x0000000000002943      0x16f ./system/src/diag/Trace.o
 .debug_macro   0x0000000000002ab2       0x4c ./system/src/diag/Trace.o
 .debug_macro   0x0000000000002afe       0x16 ./system/src/diag/Trace.o
 .debug_macro   0x0000000000002b14      0x2da ./system/src/diag/trace_impl.o
 .debug_macro   0x0000000000002dee       0x10 ./system/src/diag/trace_impl.o
 .debug_macro   0x0000000000002dfe       0xcf ./system/src/diag/trace_impl.o
 .debug_macro   0x0000000000002ecd       0xbe ./system/src/diag/trace_impl.o
 .debug_macro   0x0000000000002f8b       0x22 ./system/src/diag/trace_impl.o
 .debug_macro   0x0000000000002fad      0x16b ./system/src/cortexm/_initialize_hardware.o
 .debug_macro   0x0000000000003118      0x324 ./system/src/cortexm/exception_handlers.o
 .debug_macro   0x000000000000343c       0x3b ./system/src/cortexm/exception_handlers.o
 .debug_macro   0x0000000000003477       0x10 ./system/src/cortexm/exception_handlers.o
 .debug_macro   0x0000000000003487      0x16e ./system/src/cmsis/system_stm32f10x.o
 .debug_macro   0x00000000000035f5       0x34 ./system/src/cmsis/vectors_stm32f10x.o
 .debug_macro   0x0000000000003629      0x161 ./src/main.o
